Server [localhost]: psql -h localhost -p 5432 -U postgres -d mydb
Database [postgres]: psql -h localhost -p 5432 -U postgres -d mydb
Port [5432]: psql -h localhost -p 5432 -U postgres -d mydb
Username [postgres]: psql -h localhost -p 5432 -U postgres -d mydb
Password for user postgres:

psql (17.6)
WARNING: Console code page (866) differs from Windows code page (1251)
         8-bit characters might not work correctly. See psql reference
         page "Notes for Windows users" for details.
Type "help" for help.

mydb=# CREATE TABLE Students (
mydb(#     student_id SERIAL PRIMARY KEY,
mydb(#     first_name VARCHAR(50),
mydb(#     last_name VARCHAR(50),
mydb(#     birth_date DATE
mydb(# );
CREATE TABLE
mydb=# INSERT INTO Students (first_name, last_name, birth_date)
mydb-# VALUES ('Aibek', 'Sharshenov', '2002-05-12');
INSERT 0 1
mydb=# INSERT INTO Students (first_name, last_name, birth_date) VALUES
mydb-# ('Ainura', 'Toktomamatova', '2001-09-23'),
mydb-# ('Bakyt', 'Mamatov', '2003-01-15'),
mydb-# ('Gulzat', 'Sultanova', '2002-07-30');
INSERT 0 3
mydb=# UPDATE Students
mydb-# SET birth_date = '2002-05-15'
mydb-# WHERE first_name = 'Aibek' AND last_name = 'Sharshenov';
UPDATE 1
mydb=# DELETE FROM Students
mydb-# WHERE first_name = 'Gulzat' AND last_name = 'Sultanova';
DELETE 1
mydb=# DELETE FROM Students
mydb-# WHERE birth_date < '2002-01-01';
DELETE 1
mydb=# \dt
          List of relations
 Schema |   Name   | Type  |  Owner
--------+----------+-------+----------
 public | students | table | postgres
(1 row)


mydb=# DROP TABLE students;
DROP TABLE
mydb=# COPY Students(first_name, last_name, birth_date)
mydb-# FROM 'C:\Users\Laptop\Desktop\Книга1.xlsx'
mydb-# DELIMITER ','
mydb-# CSV HEADER;
ОШИБКА:  отношение "students" не существует
mydb=# CREATE TABLE Students (
mydb(#     student_id SERIAL PRIMARY KEY,
mydb(#     first_name VARCHAR(50),
mydb(#     last_name VARCHAR(50),
mydb(#     birth_date DATE
mydb(# );
CREATE TABLE
mydb=# COPY Students(first_name, last_name, birth_date)
mydb-# FROM 'C:\Users\Laptop\Desktop\Книга1.xlsx'
mydb-#  DELIMITER ','
mydb-# CSV HEADER;
ОШИБКА:  не удалось открыть файл "C:\Users\Laptop\Desktop\?-Ё? 1.xlsx" для чтения: No such file or directory
HINT:  COPY FROM указывает серверному процессу PostgreSQL прочитать данные из файла. Возможно, на самом деле вам нужно клиентское средство, например, \copy в psql.
mydb=# UPDATE Students
mydb-# SET last_name = 'Bekov'
mydb-# WHERE last_name IN ('Uulu', 'Isakov');
UPDATE 0
mydb=# DELETE FROM Students
mydb-# WHERE student_id IN (2, 3, 5);
DELETE 0
mydb=# \q
